// Jest Snapshot v1, https://goo.gl/fbAQLP

exports[`should render ExpenseListItem with expense 1`] = `
<Link
  className="list-item"
  replace={false}
  to="/edit/3"
>
  <div>
    <h3>
      Credit Card
    </h3>
    <span>
      January 4th, 1970
    </span>
  </div>
  <h3>
    $45.00
  </h3>
</Link>
`;
